test_compact_stateful_transaction_budgets (tests.test_assurance.AdditionalRelationCoverage.test_compact_stateful_transaction_budgets) ... ok
test_interior_indices (tests.test_assurance.AdditionalRelationCoverage.test_interior_indices) ... ok
test_valid_contexts (tests.test_assurance.AdditionalRelationCoverage.test_valid_contexts) ... ok
test_arity_and_zero_argument_stack_preservation (tests.test_assurance.CompilerContracts.test_arity_and_zero_argument_stack_preservation) ... ok
test_conflicting_definitions_and_recovery (tests.test_assurance.CompilerContracts.test_conflicting_definitions_and_recovery) ... ok
test_expression_contracts (tests.test_assurance.CompilerContracts.test_expression_contracts) ... ok
test_audit_rejects_stale_evidence_under_optimization (tests.test_assurance.EvidenceContracts.test_audit_rejects_stale_evidence_under_optimization) ... ok
test_overlay_refresh_removal_tampering_and_idempotence (tests.test_assurance.EvidenceContracts.test_overlay_refresh_removal_tampering_and_idempotence) ... ok
test_profile_response_contracts (tests.test_assurance.EvidenceContracts.test_profile_response_contracts) ... ok
test_script_entrypoint_imports (tests.test_assurance.EvidenceContracts.test_script_entrypoint_imports) ... ok
test_accept_reject_budget (tests.test_runner.EvaluatorContract.test_accept_reject_budget) ... ok
test_failures_are_not_rejections (tests.test_runner.EvaluatorContract.test_failures_are_not_rejections) ... ok
test_addressed_hashes (tests.test_verifier.Components.test_addressed_hashes) ... ok
test_compiler_rejects_bad_programs (tests.test_verifier.Components.test_compiler_rejects_bad_programs) ... ok
test_every_chain_step (tests.test_verifier.Components.test_every_chain_step) ... ok
test_fixed_width_bytes (tests.test_verifier.Components.test_fixed_width_bytes) ... ok
test_all_stateful_depths_and_index_extremes (tests.test_verifier.FullVerifier.test_all_stateful_depths_and_index_extremes) ... ok
test_budget_boundary_and_clean_stack (tests.test_verifier.FullVerifier.test_budget_boundary_and_clean_stack) ... ok
test_context_binding_and_mode_leaves (tests.test_verifier.FullVerifier.test_context_binding_and_mode_leaves) ... ok
test_invalid_index_encoding (tests.test_verifier.FullVerifier.test_invalid_index_encoding) ... ok
test_reference_roundtrips_and_boundaries (tests.test_verifier.FullVerifier.test_reference_roundtrips_and_boundaries) ... ok
test_rejection_matches_oracle (tests.test_verifier.FullVerifier.test_rejection_matches_oracle) ... ok
test_message_hashes_and_grinding (tests.test_verifier.HashAndWotsAgreement.test_message_hashes_and_grinding) ... ok
test_wots_intermediate_keys_and_counter_extremes (tests.test_verifier.HashAndWotsAgreement.test_wots_intermediate_keys_and_counter_extremes) ... ok
test_fors_digest_extremes_and_unused_bits (tests.test_verifier.StatelessComponents.test_fors_digest_extremes_and_unused_bits) ... ok
test_wots_tw_checksum_boundaries (tests.test_verifier.StatelessComponents.test_wots_tw_checksum_boundaries) ... ok

----------------------------------------------------------------------
Ran 26 tests in 53.504s

OK
